The target system is: Android - 1 - aarch64
The host system is: Darwin - 24.2.0 - arm64
Compiling the C compiler identification source file "CMakeCCompilerId.c" succeeded.
Compiler: /Volumes/Seagate015_4T/mapapps/Link/androidsdk/ndk/27.0.12077973/toolchains/llvm/prebuilt/darwin-x86_64/bin/clang 
Build flags: -g;-DANDROID;-fdata-sections;-ffunction-sections;-funwind-tables;-fstack-protector-strong;-no-canonical-prefixes;-D_FORTIFY_SOURCE=2;-Wformat;-Werror=format-security;
Id flags: -c;--target=aarch64-none-linux-android28 

The output was:
0


Compilation of the C compiler identification source "CMakeCCompilerId.c" produced "CMakeCCompilerId.o"

The C compiler identification is Clang, found in "/Volumes/Seagate015_4T/projects/SystemControl/app/.cxx/RelWithDebInfo/4cg353q5/arm64-v8a/CMakeFiles/3.22.1-g37088a8/CompilerIdC/CMakeCCompilerId.o"

Compiling the CXX compiler identification source file "CMakeCXXCompilerId.cpp" succeeded.
Compiler: /Volumes/Seagate015_4T/mapapps/Link/androidsdk/ndk/27.0.12077973/toolchains/llvm/prebuilt/darwin-x86_64/bin/clang++ 
Build flags: -g;-DANDROID;-fdata-sections;-ffunction-sections;-funwind-tables;-fstack-protector-strong;-no-canonical-prefixes;-D_FORTIFY_SOURCE=2;-Wformat;-Werror=format-security;;-std=c++14
Id flags: -c;--target=aarch64-none-linux-android28 

The output was:
0


Compilation of the CXX compiler identification source "CMakeCXXCompilerId.cpp" produced "CMakeCXXCompilerId.o"

The CXX compiler identification is Clang, found in "/Volumes/Seagate015_4T/projects/SystemControl/app/.cxx/RelWithDebInfo/4cg353q5/arm64-v8a/CMakeFiles/3.22.1-g37088a8/CompilerIdCXX/CMakeCXXCompilerId.o"

Detecting C compiler ABI info compiled with the following output:
Change Dir: /Volumes/Seagate015_4T/projects/SystemControl/app/.cxx/RelWithDebInfo/4cg353q5/arm64-v8a/CMakeFiles/CMakeTmp

Run Build Command(s):/Volumes/Seagate015_4T/mapapps/Link/androidsdk/cmake/3.22.1/bin/ninja cmTC_fe888 && [1/2] Building C object CMakeFiles/cmTC_fe888.dir/CMakeCCompilerABI.c.o
Android (12027248, +pgo, -bolt, +lto, -mlgo, based on r522817) clang version 18.0.1 (https://android.googlesource.com/toolchain/llvm-project d8003a456d14a3deb8054cdaa529ffbf02d9b262)
Target: aarch64-none-linux-android28
Thread model: posix
InstalledDir: /Volumes/Seagate015_4T/mapapps/Link/androidsdk/ndk/27.0.12077973/toolchains/llvm/prebuilt/darwin-x86_64/bin
 (in-process)
 "/Volumes/Seagate015_4T/mapapps/Link/androidsdk/ndk/27.0.12077973/toolchains/llvm/prebuilt/darwin-x86_64/bin/clang" -cc1 -triple aarch64-none-linux-android28 -emit-obj -mrelax-all -disable-free -clear-ast-before-backend -disable-llvm-verifier -discard-value-names -main-file-name CMakeCCompilerABI.c -mrelocation-model pic -pic-level 2 -pic-is-pie -mframe-pointer=non-leaf -ffp-contract=on -fno-rounding-math -mconstructor-aliases -funwind-tables=2 -target-cpu generic -target-feature +neon -target-feature +v8a -target-feature +fix-cortex-a53-835769 -target-abi aapcs -debug-info-kind=constructor -dwarf-version=4 -debugger-tuning=gdb -fdebug-compilation-dir=/Volumes/Seagate015_4T/projects/SystemControl/app/.cxx/RelWithDebInfo/4cg353q5/arm64-v8a/CMakeFiles/CMakeTmp -v -ffunction-sections -fdata-sections -fcoverage-compilation-dir=/Volumes/Seagate015_4T/projects/SystemControl/app/.cxx/RelWithDebInfo/4cg353q5/arm64-v8a/CMakeFiles/CMakeTmp -resource-dir /Volumes/Seagate015_4T/mapapps/Link/androidsdk/ndk/27.0.12077973/toolchains/llvm/prebuilt/darwin-x86_64/lib/clang/18 -dependency-file CMakeFiles/cmTC_fe888.dir/CMakeCCompilerABI.c.o.d -MT CMakeFiles/cmTC_fe888.dir/CMakeCCompilerABI.c.o -sys-header-deps -D ANDROID -D _FORTIFY_SOURCE=2 -isysroot /Volumes/Seagate015_4T/mapapps/Link/androidsdk/ndk/27.0.12077973/toolchains/llvm/prebuilt/darwin-x86_64/sysroot -internal-isystem /Volumes/Seagate015_4T/mapapps/Link/androidsdk/ndk/27.0.12077973/toolchains/llvm/prebuilt/darwin-x86_64/lib/clang/18/include -internal-isystem /Volumes/Seagate015_4T/mapapps/Link/androidsdk/ndk/27.0.12077973/toolchains/llvm/prebuilt/darwin-x86_64/sysroot/usr/local/include -internal-externc-isystem /Volumes/Seagate015_4T/mapapps/Link/androidsdk/ndk/27.0.12077973/toolchains/llvm/prebuilt/darwin-x86_64/sysroot/usr/include/aarch64-linux-android -internal-externc-isystem /Volumes/Seagate015_4T/mapapps/Link/androidsdk/ndk/27.0.12077973/toolchains/llvm/prebuilt/darwin-x86_64/sysroot/include -internal-externc-isystem /Volumes/Seagate015_4T/mapapps/Link/androidsdk/ndk/27.0.12077973/toolchains/llvm/prebuilt/darwin-x86_64/sysroot/usr/include -Wformat -ferror-limit 19 -femulated-tls -stack-protector 2 -fno-signed-char -fgnuc-version=4.2.1 -target-feature +outline-atomics -D__GCC_HAVE_DWARF2_CFI_ASM=1 -o CMakeFiles/cmTC_fe888.dir/CMakeCCompilerABI.c.o -x c /Volumes/Seagate015_4T/mapapps/Link/androidsdk/cmake/3.22.1/share/cmake-3.22/Modules/CMakeCCompilerABI.c
clang -cc1 version 18.0.1 based upon LLVM 18.0.1 default target x86_64-apple-darwin24.2.0
ignoring nonexistent directory "/Volumes/Seagate015_4T/mapapps/Link/androidsdk/ndk/27.0.12077973/toolchains/llvm/prebuilt/darwin-x86_64/sysroot/usr/local/include"
ignoring nonexistent directory "/Volumes/Seagate015_4T/mapapps/Link/androidsdk/ndk/27.0.12077973/toolchains/llvm/prebuilt/darwin-x86_64/sysroot/include"
#include "..." search starts here:
#include <...> search starts here:
 /Volumes/Seagate015_4T/mapapps/Link/androidsdk/ndk/27.0.12077973/toolchains/llvm/prebuilt/darwin-x86_64/lib/clang/18/include
 /Volumes/Seagate015_4T/mapapps/Link/androidsdk/ndk/27.0.12077973/toolchains/llvm/prebuilt/darwin-x86_64/sysroot/usr/include/aarch64-linux-android
 /Volumes/Seagate015_4T/mapapps/Link/androidsdk/ndk/27.0.12077973/toolchains/llvm/prebuilt/darwin-x86_64/sysroot/usr/include
End of search list.
[2/2] Linking C executable cmTC_fe888
Android (12027248, +pgo, -bolt, +lto, -mlgo, based on r522817) clang version 18.0.1 (https://android.googlesource.com/toolchain/llvm-project d8003a456d14a3deb8054cdaa529ffbf02d9b262)
Target: aarch64-none-linux-android28
Thread model: posix
InstalledDir: /Volumes/Seagate015_4T/mapapps/Link/androidsdk/ndk/27.0.12077973/toolchains/llvm/prebuilt/darwin-x86_64/bin
 "/Volumes/Seagate015_4T/mapapps/Link/androidsdk/ndk/27.0.12077973/toolchains/llvm/prebuilt/darwin-x86_64/bin/ld.lld" --sysroot=/Volumes/Seagate015_4T/mapapps/Link/androidsdk/ndk/27.0.12077973/toolchains/llvm/prebuilt/darwin-x86_64/sysroot -EL --fix-cortex-a53-843419 -z now -z relro -z max-page-size=4096 --hash-style=gnu --eh-frame-hdr -m aarch64linux -pie -dynamic-linker /system/bin/linker64 -o cmTC_fe888 /Volumes/Seagate015_4T/mapapps/Link/androidsdk/ndk/27.0.12077973/toolchains/llvm/prebuilt/darwin-x86_64/sysroot/usr/lib/aarch64-linux-android/28/crtbegin_dynamic.o -L/Volumes/Seagate015_4T/mapapps/Link/androidsdk/ndk/27.0.12077973/toolchains/llvm/prebuilt/darwin-x86_64/lib/clang/18/lib/linux/aarch64 -L/Volumes/Seagate015_4T/mapapps/Link/androidsdk/ndk/27.0.12077973/toolchains/llvm/prebuilt/darwin-x86_64/sysroot/usr/lib/aarch64-linux-android/28 -L/Volumes/Seagate015_4T/mapapps/Link/androidsdk/ndk/27.0.12077973/toolchains/llvm/prebuilt/darwin-x86_64/sysroot/usr/lib/aarch64-linux-android -L/Volumes/Seagate015_4T/mapapps/Link/androidsdk/ndk/27.0.12077973/toolchains/llvm/prebuilt/darwin-x86_64/sysroot/usr/lib --build-id=sha1 --no-rosegment --no-undefined-version --fatal-warnings --no-undefined CMakeFiles/cmTC_fe888.dir/CMakeCCompilerABI.c.o /Volumes/Seagate015_4T/mapapps/Link/androidsdk/ndk/27.0.12077973/toolchains/llvm/prebuilt/darwin-x86_64/lib/clang/18/lib/linux/libclang_rt.builtins-aarch64-android.a -l:libunwind.a -ldl -lc /Volumes/Seagate015_4T/mapapps/Link/androidsdk/ndk/27.0.12077973/toolchains/llvm/prebuilt/darwin-x86_64/lib/clang/18/lib/linux/libclang_rt.builtins-aarch64-android.a -l:libunwind.a -ldl /Volumes/Seagate015_4T/mapapps/Link/androidsdk/ndk/27.0.12077973/toolchains/llvm/prebuilt/darwin-x86_64/sysroot/usr/lib/aarch64-linux-android/28/crtend_android.o



Parsed C implicit include dir info from above output: rv=done
  found start of include info
  found start of implicit include info
    add: [/Volumes/Seagate015_4T/mapapps/Link/androidsdk/ndk/27.0.12077973/toolchains/llvm/prebuilt/darwin-x86_64/lib/clang/18/include]
    add: [/Volumes/Seagate015_4T/mapapps/Link/androidsdk/ndk/27.0.12077973/toolchains/llvm/prebuilt/darwin-x86_64/sysroot/usr/include/aarch64-linux-android]
    add: [/Volumes/Seagate015_4T/mapapps/Link/androidsdk/ndk/27.0.12077973/toolchains/llvm/prebuilt/darwin-x86_64/sysroot/usr/include]
  end of search list found
  collapse include dir [/Volumes/Seagate015_4T/mapapps/Link/androidsdk/ndk/27.0.12077973/toolchains/llvm/prebuilt/darwin-x86_64/lib/clang/18/include] ==> [/Volumes/Seagate015_4T/mapapps/Link/androidsdk/ndk/27.0.12077973/toolchains/llvm/prebuilt/darwin-x86_64/lib/clang/18/include]
  collapse include dir [/Volumes/Seagate015_4T/mapapps/Link/androidsdk/ndk/27.0.12077973/toolchains/llvm/prebuilt/darwin-x86_64/sysroot/usr/include/aarch64-linux-android] ==> [/Volumes/Seagate015_4T/mapapps/Link/androidsdk/ndk/27.0.12077973/toolchains/llvm/prebuilt/darwin-x86_64/sysroot/usr/include/aarch64-linux-android]
  collapse include dir [/Volumes/Seagate015_4T/mapapps/Link/androidsdk/ndk/27.0.12077973/toolchains/llvm/prebuilt/darwin-x86_64/sysroot/usr/include] ==> [/Volumes/Seagate015_4T/mapapps/Link/androidsdk/ndk/27.0.12077973/toolchains/llvm/prebuilt/darwin-x86_64/sysroot/usr/include]
  implicit include dirs: [/Volumes/Seagate015_4T/mapapps/Link/androidsdk/ndk/27.0.12077973/toolchains/llvm/prebuilt/darwin-x86_64/lib/clang/18/include;/Volumes/Seagate015_4T/mapapps/Link/androidsdk/ndk/27.0.12077973/toolchains/llvm/prebuilt/darwin-x86_64/sysroot/usr/include/aarch64-linux-android;/Volumes/Seagate015_4T/mapapps/Link/androidsdk/ndk/27.0.12077973/toolchains/llvm/prebuilt/darwin-x86_64/sysroot/usr/include]


Parsed C implicit link information from above output:
  link line regex: [^( *|.*[/\])(ld\.lld|CMAKE_LINK_STARTFILE-NOTFOUND|([^/\]+-)?ld|collect2)[^/\]*( |$)]
  ignore line: [Change Dir: /Volumes/Seagate015_4T/projects/SystemControl/app/.cxx/RelWithDebInfo/4cg353q5/arm64-v8a/CMakeFiles/CMakeTmp]
  ignore line: []
  ignore line: [Run Build Command(s):/Volumes/Seagate015_4T/mapapps/Link/androidsdk/cmake/3.22.1/bin/ninja cmTC_fe888 && [1/2] Building C object CMakeFiles/cmTC_fe888.dir/CMakeCCompilerABI.c.o]
  ignore line: [Android (12027248  +pgo  -bolt  +lto  -mlgo  based on r522817) clang version 18.0.1 (https://android.googlesource.com/toolchain/llvm-project d8003a456d14a3deb8054cdaa529ffbf02d9b262)]
  ignore line: [Target: aarch64-none-linux-android28]
  ignore line: [Thread model: posix]
  ignore line: [InstalledDir: /Volumes/Seagate015_4T/mapapps/Link/androidsdk/ndk/27.0.12077973/toolchains/llvm/prebuilt/darwin-x86_64/bin]
  ignore line: [ (in-process)]
  ignore line: [ "/Volumes/Seagate015_4T/mapapps/Link/androidsdk/ndk/27.0.12077973/toolchains/llvm/prebuilt/darwin-x86_64/bin/clang" -cc1 -triple aarch64-none-linux-android28 -emit-obj -mrelax-all -disable-free -clear-ast-before-backend -disable-llvm-verifier -discard-value-names -main-file-name CMakeCCompilerABI.c -mrelocation-model pic -pic-level 2 -pic-is-pie -mframe-pointer=non-leaf -ffp-contract=on -fno-rounding-math -mconstructor-aliases -funwind-tables=2 -target-cpu generic -target-feature +neon -target-feature +v8a -target-feature +fix-cortex-a53-835769 -target-abi aapcs -debug-info-kind=constructor -dwarf-version=4 -debugger-tuning=gdb -fdebug-compilation-dir=/Volumes/Seagate015_4T/projects/SystemControl/app/.cxx/RelWithDebInfo/4cg353q5/arm64-v8a/CMakeFiles/CMakeTmp -v -ffunction-sections -fdata-sections -fcoverage-compilation-dir=/Volumes/Seagate015_4T/projects/SystemControl/app/.cxx/RelWithDebInfo/4cg353q5/arm64-v8a/CMakeFiles/CMakeTmp -resource-dir /Volumes/Seagate015_4T/mapapps/Link/androidsdk/ndk/27.0.12077973/toolchains/llvm/prebuilt/darwin-x86_64/lib/clang/18 -dependency-file CMakeFiles/cmTC_fe888.dir/CMakeCCompilerABI.c.o.d -MT CMakeFiles/cmTC_fe888.dir/CMakeCCompilerABI.c.o -sys-header-deps -D ANDROID -D _FORTIFY_SOURCE=2 -isysroot /Volumes/Seagate015_4T/mapapps/Link/androidsdk/ndk/27.0.12077973/toolchains/llvm/prebuilt/darwin-x86_64/sysroot -internal-isystem /Volumes/Seagate015_4T/mapapps/Link/androidsdk/ndk/27.0.12077973/toolchains/llvm/prebuilt/darwin-x86_64/lib/clang/18/include -internal-isystem /Volumes/Seagate015_4T/mapapps/Link/androidsdk/ndk/27.0.12077973/toolchains/llvm/prebuilt/darwin-x86_64/sysroot/usr/local/include -internal-externc-isystem /Volumes/Seagate015_4T/mapapps/Link/androidsdk/ndk/27.0.12077973/toolchains/llvm/prebuilt/darwin-x86_64/sysroot/usr/include/aarch64-linux-android -internal-externc-isystem /Volumes/Seagate015_4T/mapapps/Link/androidsdk/ndk/27.0.12077973/toolchains/llvm/prebuilt/darwin-x86_64/sysroot/include -internal-externc-isystem /Volumes/Seagate015_4T/mapapps/Link/androidsdk/ndk/27.0.12077973/toolchains/llvm/prebuilt/darwin-x86_64/sysroot/usr/include -Wformat -ferror-limit 19 -femulated-tls -stack-protector 2 -fno-signed-char -fgnuc-version=4.2.1 -target-feature +outline-atomics -D__GCC_HAVE_DWARF2_CFI_ASM=1 -o CMakeFiles/cmTC_fe888.dir/CMakeCCompilerABI.c.o -x c /Volumes/Seagate015_4T/mapapps/Link/androidsdk/cmake/3.22.1/share/cmake-3.22/Modules/CMakeCCompilerABI.c]
  ignore line: [clang -cc1 version 18.0.1 based upon LLVM 18.0.1 default target x86_64-apple-darwin24.2.0]
  ignore line: [ignoring nonexistent directory "/Volumes/Seagate015_4T/mapapps/Link/androidsdk/ndk/27.0.12077973/toolchains/llvm/prebuilt/darwin-x86_64/sysroot/usr/local/include"]
  ignore line: [ignoring nonexistent directory "/Volumes/Seagate015_4T/mapapps/Link/androidsdk/ndk/27.0.12077973/toolchains/llvm/prebuilt/darwin-x86_64/sysroot/include"]
  ignore line: [#include "..." search starts here:]
  ignore line: [#include <...> search starts here:]
  ignore line: [ /Volumes/Seagate015_4T/mapapps/Link/androidsdk/ndk/27.0.12077973/toolchains/llvm/prebuilt/darwin-x86_64/lib/clang/18/include]
  ignore line: [ /Volumes/Seagate015_4T/mapapps/Link/androidsdk/ndk/27.0.12077973/toolchains/llvm/prebuilt/darwin-x86_64/sysroot/usr/include/aarch64-linux-android]
  ignore line: [ /Volumes/Seagate015_4T/mapapps/Link/androidsdk/ndk/27.0.12077973/toolchains/llvm/prebuilt/darwin-x86_64/sysroot/usr/include]
  ignore line: [End of search list.]
  ignore line: [[2/2] Linking C executable cmTC_fe888]
  ignore line: [Android (12027248  +pgo  -bolt  +lto  -mlgo  based on r522817) clang version 18.0.1 (https://android.googlesource.com/toolchain/llvm-project d8003a456d14a3deb8054cdaa529ffbf02d9b262)]
  ignore line: [Target: aarch64-none-linux-android28]
  ignore line: [Thread model: posix]
  ignore line: [InstalledDir: /Volumes/Seagate015_4T/mapapps/Link/androidsdk/ndk/27.0.12077973/toolchains/llvm/prebuilt/darwin-x86_64/bin]
  link line: [ "/Volumes/Seagate015_4T/mapapps/Link/androidsdk/ndk/27.0.12077973/toolchains/llvm/prebuilt/darwin-x86_64/bin/ld.lld" --sysroot=/Volumes/Seagate015_4T/mapapps/Link/androidsdk/ndk/27.0.12077973/toolchains/llvm/prebuilt/darwin-x86_64/sysroot -EL --fix-cortex-a53-843419 -z now -z relro -z max-page-size=4096 --hash-style=gnu --eh-frame-hdr -m aarch64linux -pie -dynamic-linker /system/bin/linker64 -o cmTC_fe888 /Volumes/Seagate015_4T/mapapps/Link/androidsdk/ndk/27.0.12077973/toolchains/llvm/prebuilt/darwin-x86_64/sysroot/usr/lib/aarch64-linux-android/28/crtbegin_dynamic.o -L/Volumes/Seagate015_4T/mapapps/Link/androidsdk/ndk/27.0.12077973/toolchains/llvm/prebuilt/darwin-x86_64/lib/clang/18/lib/linux/aarch64 -L/Volumes/Seagate015_4T/mapapps/Link/androidsdk/ndk/27.0.12077973/toolchains/llvm/prebuilt/darwin-x86_64/sysroot/usr/lib/aarch64-linux-android/28 -L/Volumes/Seagate015_4T/mapapps/Link/androidsdk/ndk/27.0.12077973/toolchains/llvm/prebuilt/darwin-x86_64/sysroot/usr/lib/aarch64-linux-android -L/Volumes/Seagate015_4T/mapapps/Link/androidsdk/ndk/27.0.12077973/toolchains/llvm/prebuilt/darwin-x86_64/sysroot/usr/lib --build-id=sha1 --no-rosegment --no-undefined-version --fatal-warnings --no-undefined CMakeFiles/cmTC_fe888.dir/CMakeCCompilerABI.c.o /Volumes/Seagate015_4T/mapapps/Link/androidsdk/ndk/27.0.12077973/toolchains/llvm/prebuilt/darwin-x86_64/lib/clang/18/lib/linux/libclang_rt.builtins-aarch64-android.a -l:libunwind.a -ldl -lc /Volumes/Seagate015_4T/mapapps/Link/androidsdk/ndk/27.0.12077973/toolchains/llvm/prebuilt/darwin-x86_64/lib/clang/18/lib/linux/libclang_rt.builtins-aarch64-android.a -l:libunwind.a -ldl /Volumes/Seagate015_4T/mapapps/Link/androidsdk/ndk/27.0.12077973/toolchains/llvm/prebuilt/darwin-x86_64/sysroot/usr/lib/aarch64-linux-android/28/crtend_android.o]
    arg [/Volumes/Seagate015_4T/mapapps/Link/androidsdk/ndk/27.0.12077973/toolchains/llvm/prebuilt/darwin-x86_64/bin/ld.lld] ==> ignore
    arg [--sysroot=/Volumes/Seagate015_4T/mapapps/Link/androidsdk/ndk/27.0.12077973/toolchains/llvm/prebuilt/darwin-x86_64/sysroot] ==> ignore
    arg [-EL] ==> ignore
    arg [--fix-cortex-a53-843419] ==> ignore
    arg [-znow] ==> ignore
    arg [-zrelro] ==> ignore
    arg [-zmax-page-size=4096] ==> ignore
    arg [--hash-style=gnu] ==> ignore
    arg [--eh-frame-hdr] ==> ignore
    arg [-m] ==> ignore
    arg [aarch64linux] ==> ignore
    arg [-pie] ==> ignore
    arg [-dynamic-linker] ==> ignore
    arg [/system/bin/linker64] ==> ignore
    arg [-o] ==> ignore
    arg [cmTC_fe888] ==> ignore
    arg [/Volumes/Seagate015_4T/mapapps/Link/androidsdk/ndk/27.0.12077973/toolchains/llvm/prebuilt/darwin-x86_64/sysroot/usr/lib/aarch64-linux-android/28/crtbegin_dynamic.o] ==> obj [/Volumes/Seagate015_4T/mapapps/Link/androidsdk/ndk/27.0.12077973/toolchains/llvm/prebuilt/darwin-x86_64/sysroot/usr/lib/aarch64-linux-android/28/crtbegin_dynamic.o]
    arg [-L/Volumes/Seagate015_4T/mapapps/Link/androidsdk/ndk/27.0.12077973/toolchains/llvm/prebuilt/darwin-x86_64/lib/clang/18/lib/linux/aarch64] ==> dir [/Volumes/Seagate015_4T/mapapps/Link/androidsdk/ndk/27.0.12077973/toolchains/llvm/prebuilt/darwin-x86_64/lib/clang/18/lib/linux/aarch64]
    arg [-L/Volumes/Seagate015_4T/mapapps/Link/androidsdk/ndk/27.0.12077973/toolchains/llvm/prebuilt/darwin-x86_64/sysroot/usr/lib/aarch64-linux-android/28] ==> dir [/Volumes/Seagate015_4T/mapapps/Link/androidsdk/ndk/27.0.12077973/toolchains/llvm/prebuilt/darwin-x86_64/sysroot/usr/lib/aarch64-linux-android/28]
    arg [-L/Volumes/Seagate015_4T/mapapps/Link/androidsdk/ndk/27.0.12077973/toolchains/llvm/prebuilt/darwin-x86_64/sysroot/usr/lib/aarch64-linux-android] ==> dir [/Volumes/Seagate015_4T/mapapps/Link/androidsdk/ndk/27.0.12077973/toolchains/llvm/prebuilt/darwin-x86_64/sysroot/usr/lib/aarch64-linux-android]
    arg [-L/Volumes/Seagate015_4T/mapapps/Link/androidsdk/ndk/27.0.12077973/toolchains/llvm/prebuilt/darwin-x86_64/sysroot/usr/lib] ==> dir [/Volumes/Seagate015_4T/mapapps/Link/androidsdk/ndk/27.0.12077973/toolchains/llvm/prebuilt/darwin-x86_64/sysroot/usr/lib]
    arg [--build-id=sha1] ==> ignore
    arg [--no-rosegment] ==> ignore
    arg [--no-undefined-version] ==> ignore
    arg [--fatal-warnings] ==> ignore
    arg [--no-undefined] ==> ignore
    arg [CMakeFiles/cmTC_fe888.dir/CMakeCCompilerABI.c.o] ==> ignore
    arg [/Volumes/Seagate015_4T/mapapps/Link/androidsdk/ndk/27.0.12077973/toolchains/llvm/prebuilt/darwin-x86_64/lib/clang/18/lib/linux/libclang_rt.builtins-aarch64-android.a] ==> lib [/Volumes/Seagate015_4T/mapapps/Link/androidsdk/ndk/27.0.12077973/toolchains/llvm/prebuilt/darwin-x86_64/lib/clang/18/lib/linux/libclang_rt.builtins-aarch64-android.a]
    arg [-l:libunwind.a] ==> lib [-l:libunwind.a]
    arg [-ldl] ==> lib [dl]
    arg [-lc] ==> lib [c]
    arg [/Volumes/Seagate015_4T/mapapps/Link/androidsdk/ndk/27.0.12077973/toolchains/llvm/prebuilt/darwin-x86_64/lib/clang/18/lib/linux/libclang_rt.builtins-aarch64-android.a] ==> lib [/Volumes/Seagate015_4T/mapapps/Link/androidsdk/ndk/27.0.12077973/toolchains/llvm/prebuilt/darwin-x86_64/lib/clang/18/lib/linux/libclang_rt.builtins-aarch64-android.a]
    arg [-l:libunwind.a] ==> lib [-l:libunwind.a]
    arg [-ldl] ==> lib [dl]
    arg [/Volumes/Seagate015_4T/mapapps/Link/androidsdk/ndk/27.0.12077973/toolchains/llvm/prebuilt/darwin-x86_64/sysroot/usr/lib/aarch64-linux-android/28/crtend_android.o] ==> obj [/Volumes/Seagate015_4T/mapapps/Link/androidsdk/ndk/27.0.12077973/toolchains/llvm/prebuilt/darwin-x86_64/sysroot/usr/lib/aarch64-linux-android/28/crtend_android.o]
  remove lib [/Volumes/Seagate015_4T/mapapps/Link/androidsdk/ndk/27.0.12077973/toolchains/llvm/prebuilt/darwin-x86_64/lib/clang/18/lib/linux/libclang_rt.builtins-aarch64-android.a]
  remove lib [/Volumes/Seagate015_4T/mapapps/Link/androidsdk/ndk/27.0.12077973/toolchains/llvm/prebuilt/darwin-x86_64/lib/clang/18/lib/linux/libclang_rt.builtins-aarch64-android.a]
  collapse library dir [/Volumes/Seagate015_4T/mapapps/Link/androidsdk/ndk/27.0.12077973/toolchains/llvm/prebuilt/darwin-x86_64/lib/clang/18/lib/linux/aarch64] ==> [/Volumes/Seagate015_4T/mapapps/Link/androidsdk/ndk/27.0.12077973/toolchains/llvm/prebuilt/darwin-x86_64/lib/clang/18/lib/linux/aarch64]
  collapse library dir [/Volumes/Seagate015_4T/mapapps/Link/androidsdk/ndk/27.0.12077973/toolchains/llvm/prebuilt/darwin-x86_64/sysroot/usr/lib/aarch64-linux-android/28] ==> [/Volumes/Seagate015_4T/mapapps/Link/androidsdk/ndk/27.0.12077973/toolchains/llvm/prebuilt/darwin-x86_64/sysroot/usr/lib/aarch64-linux-android/28]
  collapse library dir [/Volumes/Seagate015_4T/mapapps/Link/androidsdk/ndk/27.0.12077973/toolchains/llvm/prebuilt/darwin-x86_64/sysroot/usr/lib/aarch64-linux-android] ==> [/Volumes/Seagate015_4T/mapapps/Link/androidsdk/ndk/27.0.12077973/toolchains/llvm/prebuilt/darwin-x86_64/sysroot/usr/lib/aarch64-linux-android]
  collapse library dir [/Volumes/Seagate015_4T/mapapps/Link/androidsdk/ndk/27.0.12077973/toolchains/llvm/prebuilt/darwin-x86_64/sysroot/usr/lib] ==> [/Volumes/Seagate015_4T/mapapps/Link/androidsdk/ndk/27.0.12077973/toolchains/llvm/prebuilt/darwin-x86_64/sysroot/usr/lib]
  implicit libs: [-l:libunwind.a;dl;c;-l:libunwind.a;dl]
  implicit objs: [/Volumes/Seagate015_4T/mapapps/Link/androidsdk/ndk/27.0.12077973/toolchains/llvm/prebuilt/darwin-x86_64/sysroot/usr/lib/aarch64-linux-android/28/crtbegin_dynamic.o;/Volumes/Seagate015_4T/mapapps/Link/androidsdk/ndk/27.0.12077973/toolchains/llvm/prebuilt/darwin-x86_64/sysroot/usr/lib/aarch64-linux-android/28/crtend_android.o]
  implicit dirs: [/Volumes/Seagate015_4T/mapapps/Link/androidsdk/ndk/27.0.12077973/toolchains/llvm/prebuilt/darwin-x86_64/lib/clang/18/lib/linux/aarch64;/Volumes/Seagate015_4T/mapapps/Link/androidsdk/ndk/27.0.12077973/toolchains/llvm/prebuilt/darwin-x86_64/sysroot/usr/lib/aarch64-linux-android/28;/Volumes/Seagate015_4T/mapapps/Link/androidsdk/ndk/27.0.12077973/toolchains/llvm/prebuilt/darwin-x86_64/sysroot/usr/lib/aarch64-linux-android;/Volumes/Seagate015_4T/mapapps/Link/androidsdk/ndk/27.0.12077973/toolchains/llvm/prebuilt/darwin-x86_64/sysroot/usr/lib]
  implicit fwks: []


Detecting CXX compiler ABI info compiled with the following output:
Change Dir: /Volumes/Seagate015_4T/projects/SystemControl/app/.cxx/RelWithDebInfo/4cg353q5/arm64-v8a/CMakeFiles/CMakeTmp

Run Build Command(s):/Volumes/Seagate015_4T/mapapps/Link/androidsdk/cmake/3.22.1/bin/ninja cmTC_99501 && [1/2] Building CXX object CMakeFiles/cmTC_99501.dir/CMakeCXXCompilerABI.cpp.o
Android (12027248, +pgo, -bolt, +lto, -mlgo, based on r522817) clang version 18.0.1 (https://android.googlesource.com/toolchain/llvm-project d8003a456d14a3deb8054cdaa529ffbf02d9b262)
Target: aarch64-none-linux-android28
Thread model: posix
InstalledDir: /Volumes/Seagate015_4T/mapapps/Link/androidsdk/ndk/27.0.12077973/toolchains/llvm/prebuilt/darwin-x86_64/bin
 (in-process)
 "/Volumes/Seagate015_4T/mapapps/Link/androidsdk/ndk/27.0.12077973/toolchains/llvm/prebuilt/darwin-x86_64/bin/clang++" -cc1 -triple aarch64-none-linux-android28 -emit-obj -mrelax-all -disable-free -clear-ast-before-backend -disable-llvm-verifier -discard-value-names -main-file-name CMakeCXXCompilerABI.cpp -mrelocation-model pic -pic-level 2 -pic-is-pie -mframe-pointer=non-leaf -ffp-contract=on -fno-rounding-math -mconstructor-aliases -funwind-tables=2 -target-cpu generic -target-feature +neon -target-feature +v8a -target-feature +fix-cortex-a53-835769 -target-abi aapcs -debug-info-kind=constructor -dwarf-version=4 -debugger-tuning=gdb -fdebug-compilation-dir=/Volumes/Seagate015_4T/projects/SystemControl/app/.cxx/RelWithDebInfo/4cg353q5/arm64-v8a/CMakeFiles/CMakeTmp -v -ffunction-sections -fdata-sections -fcoverage-compilation-dir=/Volumes/Seagate015_4T/projects/SystemControl/app/.cxx/RelWithDebInfo/4cg353q5/arm64-v8a/CMakeFiles/CMakeTmp -resource-dir /Volumes/Seagate015_4T/mapapps/Link/androidsdk/ndk/27.0.12077973/toolchains/llvm/prebuilt/darwin-x86_64/lib/clang/18 -dependency-file CMakeFiles/cmTC_99501.dir/CMakeCXXCompilerABI.cpp.o.d -MT CMakeFiles/cmTC_99501.dir/CMakeCXXCompilerABI.cpp.o -sys-header-deps -D ANDROID -D _FORTIFY_SOURCE=2 -isysroot /Volumes/Seagate015_4T/mapapps/Link/androidsdk/ndk/27.0.12077973/toolchains/llvm/prebuilt/darwin-x86_64/sysroot -internal-isystem /Volumes/Seagate015_4T/mapapps/Link/androidsdk/ndk/27.0.12077973/toolchains/llvm/prebuilt/darwin-x86_64/sysroot/usr/include/c++/v1 -internal-isystem /Volumes/Seagate015_4T/mapapps/Link/androidsdk/ndk/27.0.12077973/toolchains/llvm/prebuilt/darwin-x86_64/lib/clang/18/include -internal-isystem /Volumes/Seagate015_4T/mapapps/Link/androidsdk/ndk/27.0.12077973/toolchains/llvm/prebuilt/darwin-x86_64/sysroot/usr/local/include -internal-externc-isystem /Volumes/Seagate015_4T/mapapps/Link/androidsdk/ndk/27.0.12077973/toolchains/llvm/prebuilt/darwin-x86_64/sysroot/usr/include/aarch64-linux-android -internal-externc-isystem /Volumes/Seagate015_4T/mapapps/Link/androidsdk/ndk/27.0.12077973/toolchains/llvm/prebuilt/darwin-x86_64/sysroot/include -internal-externc-isystem /Volumes/Seagate015_4T/mapapps/Link/androidsdk/ndk/27.0.12077973/toolchains/llvm/prebuilt/darwin-x86_64/sysroot/usr/include -Wformat -std=c++14 -fdeprecated-macro -ferror-limit 19 -femulated-tls -stack-protector 2 -fno-signed-char -fgnuc-version=4.2.1 -fcxx-exceptions -fexceptions -target-feature +outline-atomics -D__GCC_HAVE_DWARF2_CFI_ASM=1 -o CMakeFiles/cmTC_99501.dir/CMakeCXXCompilerABI.cpp.o -x c++ /Volumes/Seagate015_4T/mapapps/Link/androidsdk/cmake/3.22.1/share/cmake-3.22/Modules/CMakeCXXCompilerABI.cpp
clang -cc1 version 18.0.1 based upon LLVM 18.0.1 default target x86_64-apple-darwin24.2.0
ignoring nonexistent directory "/Volumes/Seagate015_4T/mapapps/Link/androidsdk/ndk/27.0.12077973/toolchains/llvm/prebuilt/darwin-x86_64/sysroot/usr/local/include"
ignoring nonexistent directory "/Volumes/Seagate015_4T/mapapps/Link/androidsdk/ndk/27.0.12077973/toolchains/llvm/prebuilt/darwin-x86_64/sysroot/include"
#include "..." search starts here:
#include <...> search starts here:
 /Volumes/Seagate015_4T/mapapps/Link/androidsdk/ndk/27.0.12077973/toolchains/llvm/prebuilt/darwin-x86_64/sysroot/usr/include/c++/v1
 /Volumes/Seagate015_4T/mapapps/Link/androidsdk/ndk/27.0.12077973/toolchains/llvm/prebuilt/darwin-x86_64/lib/clang/18/include
 /Volumes/Seagate015_4T/mapapps/Link/androidsdk/ndk/27.0.12077973/toolchains/llvm/prebuilt/darwin-x86_64/sysroot/usr/include/aarch64-linux-android
 /Volumes/Seagate015_4T/mapapps/Link/androidsdk/ndk/27.0.12077973/toolchains/llvm/prebuilt/darwin-x86_64/sysroot/usr/include
End of search list.
[2/2] Linking CXX executable cmTC_99501
Android (12027248, +pgo, -bolt, +lto, -mlgo, based on r522817) clang version 18.0.1 (https://android.googlesource.com/toolchain/llvm-project d8003a456d14a3deb8054cdaa529ffbf02d9b262)
Target: aarch64-none-linux-android28
Thread model: posix
InstalledDir: /Volumes/Seagate015_4T/mapapps/Link/androidsdk/ndk/27.0.12077973/toolchains/llvm/prebuilt/darwin-x86_64/bin
 "/Volumes/Seagate015_4T/mapapps/Link/androidsdk/ndk/27.0.12077973/toolchains/llvm/prebuilt/darwin-x86_64/bin/ld.lld" --sysroot=/Volumes/Seagate015_4T/mapapps/Link/androidsdk/ndk/27.0.12077973/toolchains/llvm/prebuilt/darwin-x86_64/sysroot -EL --fix-cortex-a53-843419 -z now -z relro -z max-page-size=4096 --hash-style=gnu --eh-frame-hdr -m aarch64linux -pie -dynamic-linker /system/bin/linker64 -o cmTC_99501 /Volumes/Seagate015_4T/mapapps/Link/androidsdk/ndk/27.0.12077973/toolchains/llvm/prebuilt/darwin-x86_64/sysroot/usr/lib/aarch64-linux-android/28/crtbegin_dynamic.o -L/Volumes/Seagate015_4T/mapapps/Link/androidsdk/ndk/27.0.12077973/toolchains/llvm/prebuilt/darwin-x86_64/lib/clang/18/lib/linux/aarch64 -L/Volumes/Seagate015_4T/mapapps/Link/androidsdk/ndk/27.0.12077973/toolchains/llvm/prebuilt/darwin-x86_64/sysroot/usr/lib/aarch64-linux-android/28 -L/Volumes/Seagate015_4T/mapapps/Link/androidsdk/ndk/27.0.12077973/toolchains/llvm/prebuilt/darwin-x86_64/sysroot/usr/lib/aarch64-linux-android -L/Volumes/Seagate015_4T/mapapps/Link/androidsdk/ndk/27.0.12077973/toolchains/llvm/prebuilt/darwin-x86_64/sysroot/usr/lib --build-id=sha1 --no-rosegment --no-undefined-version --fatal-warnings --no-undefined CMakeFiles/cmTC_99501.dir/CMakeCXXCompilerABI.cpp.o -lc++ -lm /Volumes/Seagate015_4T/mapapps/Link/androidsdk/ndk/27.0.12077973/toolchains/llvm/prebuilt/darwin-x86_64/lib/clang/18/lib/linux/libclang_rt.builtins-aarch64-android.a -l:libunwind.a -ldl -lc /Volumes/Seagate015_4T/mapapps/Link/androidsdk/ndk/27.0.12077973/toolchains/llvm/prebuilt/darwin-x86_64/lib/clang/18/lib/linux/libclang_rt.builtins-aarch64-android.a -l:libunwind.a -ldl /Volumes/Seagate015_4T/mapapps/Link/androidsdk/ndk/27.0.12077973/toolchains/llvm/prebuilt/darwin-x86_64/sysroot/usr/lib/aarch64-linux-android/28/crtend_android.o



Parsed CXX implicit include dir info from above output: rv=done
  found start of include info
  found start of implicit include info
    add: [/Volumes/Seagate015_4T/mapapps/Link/androidsdk/ndk/27.0.12077973/toolchains/llvm/prebuilt/darwin-x86_64/sysroot/usr/include/c++/v1]
    add: [/Volumes/Seagate015_4T/mapapps/Link/androidsdk/ndk/27.0.12077973/toolchains/llvm/prebuilt/darwin-x86_64/lib/clang/18/include]
    add: [/Volumes/Seagate015_4T/mapapps/Link/androidsdk/ndk/27.0.12077973/toolchains/llvm/prebuilt/darwin-x86_64/sysroot/usr/include/aarch64-linux-android]
    add: [/Volumes/Seagate015_4T/mapapps/Link/androidsdk/ndk/27.0.12077973/toolchains/llvm/prebuilt/darwin-x86_64/sysroot/usr/include]
  end of search list found
  collapse include dir [/Volumes/Seagate015_4T/mapapps/Link/androidsdk/ndk/27.0.12077973/toolchains/llvm/prebuilt/darwin-x86_64/sysroot/usr/include/c++/v1] ==> [/Volumes/Seagate015_4T/mapapps/Link/androidsdk/ndk/27.0.12077973/toolchains/llvm/prebuilt/darwin-x86_64/sysroot/usr/include/c++/v1]
  collapse include dir [/Volumes/Seagate015_4T/mapapps/Link/androidsdk/ndk/27.0.12077973/toolchains/llvm/prebuilt/darwin-x86_64/lib/clang/18/include] ==> [/Volumes/Seagate015_4T/mapapps/Link/androidsdk/ndk/27.0.12077973/toolchains/llvm/prebuilt/darwin-x86_64/lib/clang/18/include]
  collapse include dir [/Volumes/Seagate015_4T/mapapps/Link/androidsdk/ndk/27.0.12077973/toolchains/llvm/prebuilt/darwin-x86_64/sysroot/usr/include/aarch64-linux-android] ==> [/Volumes/Seagate015_4T/mapapps/Link/androidsdk/ndk/27.0.12077973/toolchains/llvm/prebuilt/darwin-x86_64/sysroot/usr/include/aarch64-linux-android]
  collapse include dir [/Volumes/Seagate015_4T/mapapps/Link/androidsdk/ndk/27.0.12077973/toolchains/llvm/prebuilt/darwin-x86_64/sysroot/usr/include] ==> [/Volumes/Seagate015_4T/mapapps/Link/androidsdk/ndk/27.0.12077973/toolchains/llvm/prebuilt/darwin-x86_64/sysroot/usr/include]
  implicit include dirs: [/Volumes/Seagate015_4T/mapapps/Link/androidsdk/ndk/27.0.12077973/toolchains/llvm/prebuilt/darwin-x86_64/sysroot/usr/include/c++/v1;/Volumes/Seagate015_4T/mapapps/Link/androidsdk/ndk/27.0.12077973/toolchains/llvm/prebuilt/darwin-x86_64/lib/clang/18/include;/Volumes/Seagate015_4T/mapapps/Link/androidsdk/ndk/27.0.12077973/toolchains/llvm/prebuilt/darwin-x86_64/sysroot/usr/include/aarch64-linux-android;/Volumes/Seagate015_4T/mapapps/Link/androidsdk/ndk/27.0.12077973/toolchains/llvm/prebuilt/darwin-x86_64/sysroot/usr/include]


Parsed CXX implicit link information from above output:
  link line regex: [^( *|.*[/\])(ld\.lld|CMAKE_LINK_STARTFILE-NOTFOUND|([^/\]+-)?ld|collect2)[^/\]*( |$)]
  ignore line: [Change Dir: /Volumes/Seagate015_4T/projects/SystemControl/app/.cxx/RelWithDebInfo/4cg353q5/arm64-v8a/CMakeFiles/CMakeTmp]
  ignore line: []
  ignore line: [Run Build Command(s):/Volumes/Seagate015_4T/mapapps/Link/androidsdk/cmake/3.22.1/bin/ninja cmTC_99501 && [1/2] Building CXX object CMakeFiles/cmTC_99501.dir/CMakeCXXCompilerABI.cpp.o]
  ignore line: [Android (12027248  +pgo  -bolt  +lto  -mlgo  based on r522817) clang version 18.0.1 (https://android.googlesource.com/toolchain/llvm-project d8003a456d14a3deb8054cdaa529ffbf02d9b262)]
  ignore line: [Target: aarch64-none-linux-android28]
  ignore line: [Thread model: posix]
  ignore line: [InstalledDir: /Volumes/Seagate015_4T/mapapps/Link/androidsdk/ndk/27.0.12077973/toolchains/llvm/prebuilt/darwin-x86_64/bin]
  ignore line: [ (in-process)]
  ignore line: [ "/Volumes/Seagate015_4T/mapapps/Link/androidsdk/ndk/27.0.12077973/toolchains/llvm/prebuilt/darwin-x86_64/bin/clang++" -cc1 -triple aarch64-none-linux-android28 -emit-obj -mrelax-all -disable-free -clear-ast-before-backend -disable-llvm-verifier -discard-value-names -main-file-name CMakeCXXCompilerABI.cpp -mrelocation-model pic -pic-level 2 -pic-is-pie -mframe-pointer=non-leaf -ffp-contract=on -fno-rounding-math -mconstructor-aliases -funwind-tables=2 -target-cpu generic -target-feature +neon -target-feature +v8a -target-feature +fix-cortex-a53-835769 -target-abi aapcs -debug-info-kind=constructor -dwarf-version=4 -debugger-tuning=gdb -fdebug-compilation-dir=/Volumes/Seagate015_4T/projects/SystemControl/app/.cxx/RelWithDebInfo/4cg353q5/arm64-v8a/CMakeFiles/CMakeTmp -v -ffunction-sections -fdata-sections -fcoverage-compilation-dir=/Volumes/Seagate015_4T/projects/SystemControl/app/.cxx/RelWithDebInfo/4cg353q5/arm64-v8a/CMakeFiles/CMakeTmp -resource-dir /Volumes/Seagate015_4T/mapapps/Link/androidsdk/ndk/27.0.12077973/toolchains/llvm/prebuilt/darwin-x86_64/lib/clang/18 -dependency-file CMakeFiles/cmTC_99501.dir/CMakeCXXCompilerABI.cpp.o.d -MT CMakeFiles/cmTC_99501.dir/CMakeCXXCompilerABI.cpp.o -sys-header-deps -D ANDROID -D _FORTIFY_SOURCE=2 -isysroot /Volumes/Seagate015_4T/mapapps/Link/androidsdk/ndk/27.0.12077973/toolchains/llvm/prebuilt/darwin-x86_64/sysroot -internal-isystem /Volumes/Seagate015_4T/mapapps/Link/androidsdk/ndk/27.0.12077973/toolchains/llvm/prebuilt/darwin-x86_64/sysroot/usr/include/c++/v1 -internal-isystem /Volumes/Seagate015_4T/mapapps/Link/androidsdk/ndk/27.0.12077973/toolchains/llvm/prebuilt/darwin-x86_64/lib/clang/18/include -internal-isystem /Volumes/Seagate015_4T/mapapps/Link/androidsdk/ndk/27.0.12077973/toolchains/llvm/prebuilt/darwin-x86_64/sysroot/usr/local/include -internal-externc-isystem /Volumes/Seagate015_4T/mapapps/Link/androidsdk/ndk/27.0.12077973/toolchains/llvm/prebuilt/darwin-x86_64/sysroot/usr/include/aarch64-linux-android -internal-externc-isystem /Volumes/Seagate015_4T/mapapps/Link/androidsdk/ndk/27.0.12077973/toolchains/llvm/prebuilt/darwin-x86_64/sysroot/include -internal-externc-isystem /Volumes/Seagate015_4T/mapapps/Link/androidsdk/ndk/27.0.12077973/toolchains/llvm/prebuilt/darwin-x86_64/sysroot/usr/include -Wformat -std=c++14 -fdeprecated-macro -ferror-limit 19 -femulated-tls -stack-protector 2 -fno-signed-char -fgnuc-version=4.2.1 -fcxx-exceptions -fexceptions -target-feature +outline-atomics -D__GCC_HAVE_DWARF2_CFI_ASM=1 -o CMakeFiles/cmTC_99501.dir/CMakeCXXCompilerABI.cpp.o -x c++ /Volumes/Seagate015_4T/mapapps/Link/androidsdk/cmake/3.22.1/share/cmake-3.22/Modules/CMakeCXXCompilerABI.cpp]
  ignore line: [clang -cc1 version 18.0.1 based upon LLVM 18.0.1 default target x86_64-apple-darwin24.2.0]
  ignore line: [ignoring nonexistent directory "/Volumes/Seagate015_4T/mapapps/Link/androidsdk/ndk/27.0.12077973/toolchains/llvm/prebuilt/darwin-x86_64/sysroot/usr/local/include"]
  ignore line: [ignoring nonexistent directory "/Volumes/Seagate015_4T/mapapps/Link/androidsdk/ndk/27.0.12077973/toolchains/llvm/prebuilt/darwin-x86_64/sysroot/include"]
  ignore line: [#include "..." search starts here:]
  ignore line: [#include <...> search starts here:]
  ignore line: [ /Volumes/Seagate015_4T/mapapps/Link/androidsdk/ndk/27.0.12077973/toolchains/llvm/prebuilt/darwin-x86_64/sysroot/usr/include/c++/v1]
  ignore line: [ /Volumes/Seagate015_4T/mapapps/Link/androidsdk/ndk/27.0.12077973/toolchains/llvm/prebuilt/darwin-x86_64/lib/clang/18/include]
  ignore line: [ /Volumes/Seagate015_4T/mapapps/Link/androidsdk/ndk/27.0.12077973/toolchains/llvm/prebuilt/darwin-x86_64/sysroot/usr/include/aarch64-linux-android]
  ignore line: [ /Volumes/Seagate015_4T/mapapps/Link/androidsdk/ndk/27.0.12077973/toolchains/llvm/prebuilt/darwin-x86_64/sysroot/usr/include]
  ignore line: [End of search list.]
  ignore line: [[2/2] Linking CXX executable cmTC_99501]
  ignore line: [Android (12027248  +pgo  -bolt  +lto  -mlgo  based on r522817) clang version 18.0.1 (https://android.googlesource.com/toolchain/llvm-project d8003a456d14a3deb8054cdaa529ffbf02d9b262)]
  ignore line: [Target: aarch64-none-linux-android28]
  ignore line: [Thread model: posix]
  ignore line: [InstalledDir: /Volumes/Seagate015_4T/mapapps/Link/androidsdk/ndk/27.0.12077973/toolchains/llvm/prebuilt/darwin-x86_64/bin]
  link line: [ "/Volumes/Seagate015_4T/mapapps/Link/androidsdk/ndk/27.0.12077973/toolchains/llvm/prebuilt/darwin-x86_64/bin/ld.lld" --sysroot=/Volumes/Seagate015_4T/mapapps/Link/androidsdk/ndk/27.0.12077973/toolchains/llvm/prebuilt/darwin-x86_64/sysroot -EL --fix-cortex-a53-843419 -z now -z relro -z max-page-size=4096 --hash-style=gnu --eh-frame-hdr -m aarch64linux -pie -dynamic-linker /system/bin/linker64 -o cmTC_99501 /Volumes/Seagate015_4T/mapapps/Link/androidsdk/ndk/27.0.12077973/toolchains/llvm/prebuilt/darwin-x86_64/sysroot/usr/lib/aarch64-linux-android/28/crtbegin_dynamic.o -L/Volumes/Seagate015_4T/mapapps/Link/androidsdk/ndk/27.0.12077973/toolchains/llvm/prebuilt/darwin-x86_64/lib/clang/18/lib/linux/aarch64 -L/Volumes/Seagate015_4T/mapapps/Link/androidsdk/ndk/27.0.12077973/toolchains/llvm/prebuilt/darwin-x86_64/sysroot/usr/lib/aarch64-linux-android/28 -L/Volumes/Seagate015_4T/mapapps/Link/androidsdk/ndk/27.0.12077973/toolchains/llvm/prebuilt/darwin-x86_64/sysroot/usr/lib/aarch64-linux-android -L/Volumes/Seagate015_4T/mapapps/Link/androidsdk/ndk/27.0.12077973/toolchains/llvm/prebuilt/darwin-x86_64/sysroot/usr/lib --build-id=sha1 --no-rosegment --no-undefined-version --fatal-warnings --no-undefined CMakeFiles/cmTC_99501.dir/CMakeCXXCompilerABI.cpp.o -lc++ -lm /Volumes/Seagate015_4T/mapapps/Link/androidsdk/ndk/27.0.12077973/toolchains/llvm/prebuilt/darwin-x86_64/lib/clang/18/lib/linux/libclang_rt.builtins-aarch64-android.a -l:libunwind.a -ldl -lc /Volumes/Seagate015_4T/mapapps/Link/androidsdk/ndk/27.0.12077973/toolchains/llvm/prebuilt/darwin-x86_64/lib/clang/18/lib/linux/libclang_rt.builtins-aarch64-android.a -l:libunwind.a -ldl /Volumes/Seagate015_4T/mapapps/Link/androidsdk/ndk/27.0.12077973/toolchains/llvm/prebuilt/darwin-x86_64/sysroot/usr/lib/aarch64-linux-android/28/crtend_android.o]
    arg [/Volumes/Seagate015_4T/mapapps/Link/androidsdk/ndk/27.0.12077973/toolchains/llvm/prebuilt/darwin-x86_64/bin/ld.lld] ==> ignore
    arg [--sysroot=/Volumes/Seagate015_4T/mapapps/Link/androidsdk/ndk/27.0.12077973/toolchains/llvm/prebuilt/darwin-x86_64/sysroot] ==> ignore
    arg [-EL] ==> ignore
    arg [--fix-cortex-a53-843419] ==> ignore
    arg [-znow] ==> ignore
    arg [-zrelro] ==> ignore
    arg [-zmax-page-size=4096] ==> ignore
    arg [--hash-style=gnu] ==> ignore
    arg [--eh-frame-hdr] ==> ignore
    arg [-m] ==> ignore
    arg [aarch64linux] ==> ignore
    arg [-pie] ==> ignore
    arg [-dynamic-linker] ==> ignore
    arg [/system/bin/linker64] ==> ignore
    arg [-o] ==> ignore
    arg [cmTC_99501] ==> ignore
    arg [/Volumes/Seagate015_4T/mapapps/Link/androidsdk/ndk/27.0.12077973/toolchains/llvm/prebuilt/darwin-x86_64/sysroot/usr/lib/aarch64-linux-android/28/crtbegin_dynamic.o] ==> obj [/Volumes/Seagate015_4T/mapapps/Link/androidsdk/ndk/27.0.12077973/toolchains/llvm/prebuilt/darwin-x86_64/sysroot/usr/lib/aarch64-linux-android/28/crtbegin_dynamic.o]
    arg [-L/Volumes/Seagate015_4T/mapapps/Link/androidsdk/ndk/27.0.12077973/toolchains/llvm/prebuilt/darwin-x86_64/lib/clang/18/lib/linux/aarch64] ==> dir [/Volumes/Seagate015_4T/mapapps/Link/androidsdk/ndk/27.0.12077973/toolchains/llvm/prebuilt/darwin-x86_64/lib/clang/18/lib/linux/aarch64]
    arg [-L/Volumes/Seagate015_4T/mapapps/Link/androidsdk/ndk/27.0.12077973/toolchains/llvm/prebuilt/darwin-x86_64/sysroot/usr/lib/aarch64-linux-android/28] ==> dir [/Volumes/Seagate015_4T/mapapps/Link/androidsdk/ndk/27.0.12077973/toolchains/llvm/prebuilt/darwin-x86_64/sysroot/usr/lib/aarch64-linux-android/28]
    arg [-L/Volumes/Seagate015_4T/mapapps/Link/androidsdk/ndk/27.0.12077973/toolchains/llvm/prebuilt/darwin-x86_64/sysroot/usr/lib/aarch64-linux-android] ==> dir [/Volumes/Seagate015_4T/mapapps/Link/androidsdk/ndk/27.0.12077973/toolchains/llvm/prebuilt/darwin-x86_64/sysroot/usr/lib/aarch64-linux-android]
    arg [-L/Volumes/Seagate015_4T/mapapps/Link/androidsdk/ndk/27.0.12077973/toolchains/llvm/prebuilt/darwin-x86_64/sysroot/usr/lib] ==> dir [/Volumes/Seagate015_4T/mapapps/Link/androidsdk/ndk/27.0.12077973/toolchains/llvm/prebuilt/darwin-x86_64/sysroot/usr/lib]
    arg [--build-id=sha1] ==> ignore
    arg [--no-rosegment] ==> ignore
    arg [--no-undefined-version] ==> ignore
    arg [--fatal-warnings] ==> ignore
    arg [--no-undefined] ==> ignore
    arg [CMakeFiles/cmTC_99501.dir/CMakeCXXCompilerABI.cpp.o] ==> ignore
    arg [-lc++] ==> lib [c++]
    arg [-lm] ==> lib [m]
    arg [/Volumes/Seagate015_4T/mapapps/Link/androidsdk/ndk/27.0.12077973/toolchains/llvm/prebuilt/darwin-x86_64/lib/clang/18/lib/linux/libclang_rt.builtins-aarch64-android.a] ==> lib [/Volumes/Seagate015_4T/mapapps/Link/androidsdk/ndk/27.0.12077973/toolchains/llvm/prebuilt/darwin-x86_64/lib/clang/18/lib/linux/libclang_rt.builtins-aarch64-android.a]
    arg [-l:libunwind.a] ==> lib [-l:libunwind.a]
    arg [-ldl] ==> lib [dl]
    arg [-lc] ==> lib [c]
    arg [/Volumes/Seagate015_4T/mapapps/Link/androidsdk/ndk/27.0.12077973/toolchains/llvm/prebuilt/darwin-x86_64/lib/clang/18/lib/linux/libclang_rt.builtins-aarch64-android.a] ==> lib [/Volumes/Seagate015_4T/mapapps/Link/androidsdk/ndk/27.0.12077973/toolchains/llvm/prebuilt/darwin-x86_64/lib/clang/18/lib/linux/libclang_rt.builtins-aarch64-android.a]
    arg [-l:libunwind.a] ==> lib [-l:libunwind.a]
    arg [-ldl] ==> lib [dl]
    arg [/Volumes/Seagate015_4T/mapapps/Link/androidsdk/ndk/27.0.12077973/toolchains/llvm/prebuilt/darwin-x86_64/sysroot/usr/lib/aarch64-linux-android/28/crtend_android.o] ==> obj [/Volumes/Seagate015_4T/mapapps/Link/androidsdk/ndk/27.0.12077973/toolchains/llvm/prebuilt/darwin-x86_64/sysroot/usr/lib/aarch64-linux-android/28/crtend_android.o]
  remove lib [/Volumes/Seagate015_4T/mapapps/Link/androidsdk/ndk/27.0.12077973/toolchains/llvm/prebuilt/darwin-x86_64/lib/clang/18/lib/linux/libclang_rt.builtins-aarch64-android.a]
  remove lib [/Volumes/Seagate015_4T/mapapps/Link/androidsdk/ndk/27.0.12077973/toolchains/llvm/prebuilt/darwin-x86_64/lib/clang/18/lib/linux/libclang_rt.builtins-aarch64-android.a]
  collapse library dir [/Volumes/Seagate015_4T/mapapps/Link/androidsdk/ndk/27.0.12077973/toolchains/llvm/prebuilt/darwin-x86_64/lib/clang/18/lib/linux/aarch64] ==> [/Volumes/Seagate015_4T/mapapps/Link/androidsdk/ndk/27.0.12077973/toolchains/llvm/prebuilt/darwin-x86_64/lib/clang/18/lib/linux/aarch64]
  collapse library dir [/Volumes/Seagate015_4T/mapapps/Link/androidsdk/ndk/27.0.12077973/toolchains/llvm/prebuilt/darwin-x86_64/sysroot/usr/lib/aarch64-linux-android/28] ==> [/Volumes/Seagate015_4T/mapapps/Link/androidsdk/ndk/27.0.12077973/toolchains/llvm/prebuilt/darwin-x86_64/sysroot/usr/lib/aarch64-linux-android/28]
  collapse library dir [/Volumes/Seagate015_4T/mapapps/Link/androidsdk/ndk/27.0.12077973/toolchains/llvm/prebuilt/darwin-x86_64/sysroot/usr/lib/aarch64-linux-android] ==> [/Volumes/Seagate015_4T/mapapps/Link/androidsdk/ndk/27.0.12077973/toolchains/llvm/prebuilt/darwin-x86_64/sysroot/usr/lib/aarch64-linux-android]
  collapse library dir [/Volumes/Seagate015_4T/mapapps/Link/androidsdk/ndk/27.0.12077973/toolchains/llvm/prebuilt/darwin-x86_64/sysroot/usr/lib] ==> [/Volumes/Seagate015_4T/mapapps/Link/androidsdk/ndk/27.0.12077973/toolchains/llvm/prebuilt/darwin-x86_64/sysroot/usr/lib]
  implicit libs: [c++;m;-l:libunwind.a;dl;c;-l:libunwind.a;dl]
  implicit objs: [/Volumes/Seagate015_4T/mapapps/Link/androidsdk/ndk/27.0.12077973/toolchains/llvm/prebuilt/darwin-x86_64/sysroot/usr/lib/aarch64-linux-android/28/crtbegin_dynamic.o;/Volumes/Seagate015_4T/mapapps/Link/androidsdk/ndk/27.0.12077973/toolchains/llvm/prebuilt/darwin-x86_64/sysroot/usr/lib/aarch64-linux-android/28/crtend_android.o]
  implicit dirs: [/Volumes/Seagate015_4T/mapapps/Link/androidsdk/ndk/27.0.12077973/toolchains/llvm/prebuilt/darwin-x86_64/lib/clang/18/lib/linux/aarch64;/Volumes/Seagate015_4T/mapapps/Link/androidsdk/ndk/27.0.12077973/toolchains/llvm/prebuilt/darwin-x86_64/sysroot/usr/lib/aarch64-linux-android/28;/Volumes/Seagate015_4T/mapapps/Link/androidsdk/ndk/27.0.12077973/toolchains/llvm/prebuilt/darwin-x86_64/sysroot/usr/lib/aarch64-linux-android;/Volumes/Seagate015_4T/mapapps/Link/androidsdk/ndk/27.0.12077973/toolchains/llvm/prebuilt/darwin-x86_64/sysroot/usr/lib]
  implicit fwks: []


